BL51 BANKED LINKER/LOCATER V6.22.2.0                                                    05/17/2020  15:49:17  PAGE 1


BL51 BANKED LINKER/LOCATER V6.22.2.0, INVOKED BY:
C:\TOOLS\KEILV5\C51\BIN\BL51.EXE .\Objects\STARTUP.obj, .\Objects\Delay.obj, .\Objects\main.obj TO .\Objects\ndnl PRINT 
>> (.\Listings\ndnl.m51) RAMSIZE (256)


MEMORY MODEL: SMALL


INPUT MODULES INCLUDED:
  .\Objects\STARTUP.obj (?C_STARTUP)
  .\Objects\Delay.obj (DELAY)
  .\Objects\main.obj (MAIN)
  C:\TOOLS\KEILV5\C51\LIB\C51S.LIB (?C?IMUL)


LINK MAP OF MODULE:  .\Objects\ndnl (?C_STARTUP)


            TYPE    BASE      LENGTH    RELOCATION   SEGMENT NAME
            -----------------------------------------------------

            * * * * * * *   D A T A   M E M O R Y   * * * * * * *
            REG     0000H     0008H     ABSOLUTE     "REG BANK 0"
            DATA    0008H     0002H     UNIT         _DATA_GROUP_
            IDATA   000AH     0001H     UNIT         ?STACK

            * * * * * * *   C O D E   M E M O R Y   * * * * * * *
            CODE    0000H     0003H     ABSOLUTE     
            CODE    0003H     005AH     UNIT         ?PR?MAIN?MAIN
            CODE    005DH     0024H     UNIT         ?PR?_DELAY_S?DELAY
            CODE    0081H     0024H     UNIT         ?PR?_DELAY_M?DELAY
            CODE    00A5H     001DH     UNIT         ?PR?_DELAY_MS?DELAY
            CODE    00C2H     0012H     UNIT         ?C?LIB_CODE
            CODE    00D4H     000CH     UNIT         ?C_C51STARTUP



OVERLAY MAP OF MODULE:   .\Objects\ndnl (?C_STARTUP)


SEGMENT                          DATA_GROUP 
  +--> CALLED SEGMENT          START    LENGTH
----------------------------------------------
?C_C51STARTUP                  -----    -----
  +--> ?PR?MAIN?MAIN

?PR?MAIN?MAIN                  0008H    0002H
  +--> ?PR?_DELAY_MS?DELAY



SYMBOL TABLE OF MODULE:  .\Objects\ndnl (?C_STARTUP)

  VALUE           TYPE          NAME
  ----------------------------------

  -------         MODULE        ?C_STARTUP
  C:00D4H         SEGMENT       ?C_C51STARTUP
BL51 BANKED LINKER/LOCATER V6.22.2.0                                                  05/17/2020  15:49:17  PAGE 2


  I:000AH         SEGMENT       ?STACK
  C:0000H         PUBLIC        ?C_STARTUP
  D:00E0H         SYMBOL        ACC
  D:00F0H         SYMBOL        B
  D:0083H         SYMBOL        DPH
  D:0082H         SYMBOL        DPL
  N:0000H         SYMBOL        IBPSTACK
  N:0100H         SYMBOL        IBPSTACKTOP
  N:0080H         SYMBOL        IDATALEN
  C:00D7H         SYMBOL        IDATALOOP
  N:0000H         SYMBOL        PBPSTACK
  N:0100H         SYMBOL        PBPSTACKTOP
  N:0000H         SYMBOL        PDATALEN
  N:0000H         SYMBOL        PDATASTART
  N:0000H         SYMBOL        PPAGE
  N:0000H         SYMBOL        PPAGEENABLE
  D:00A0H         SYMBOL        PPAGE_SFR
  D:0081H         SYMBOL        SP
  C:00D4H         SYMBOL        STARTUP1
  N:0000H         SYMBOL        XBPSTACK
  N:0000H         SYMBOL        XBPSTACKTOP
  N:0000H         SYMBOL        XDATALEN
  N:0000H         SYMBOL        XDATASTART
  C:0000H         LINE#         126
  C:00D4H         LINE#         133
  C:00D6H         LINE#         134
  C:00D7H         LINE#         135
  C:00D8H         LINE#         136
  C:00DAH         LINE#         185
  C:00DDH         LINE#         196
  -------         ENDMOD        ?C_STARTUP

  -------         MODULE        DELAY
  C:0000H         SYMBOL        _ICE_DUMMY_
  C:0081H         PUBLIC        _DELAY_M
  C:005DH         PUBLIC        _DELAY_S
  C:00A5H         PUBLIC        _DELAY_MS
  -------         PROC          _DELAY_MS
  D:0006H         SYMBOL        a
  -------         DO            
  D:0004H         SYMBOL        i
  -------         ENDDO         
  C:00A5H         LINE#         5
  C:00A5H         LINE#         7
  C:00AEH         LINE#         8
  C:00C1H         LINE#         9
  C:00C1H         LINE#         10
  -------         ENDPROC       _DELAY_MS
  -------         PROC          _DELAY_S
  D:0006H         SYMBOL        a
  -------         DO            
  D:0002H         SYMBOL        i
  -------         ENDDO         
  C:005DH         LINE#         13
  C:005DH         LINE#         15
  C:0064H         LINE#         16
  C:006DH         LINE#         17
BL51 BANKED LINKER/LOCATER V6.22.2.0                                                  05/17/2020  15:49:17  PAGE 3


  C:0080H         LINE#         18
  C:0080H         LINE#         19
  -------         ENDPROC       _DELAY_S
  -------         PROC          _DELAY_M
  D:0006H         SYMBOL        a
  -------         DO            
  D:0002H         SYMBOL        i
  -------         ENDDO         
  C:0081H         LINE#         22
  C:0081H         LINE#         24
  C:0088H         LINE#         25
  C:0091H         LINE#         26
  C:00A4H         LINE#         27
  C:00A4H         LINE#         28
  -------         ENDPROC       _DELAY_M
  -------         ENDMOD        DELAY

  -------         MODULE        MAIN
  C:0000H         SYMBOL        _ICE_DUMMY_
  D:00B0H         PUBLIC        P3
  B:00B0H.5       PUBLIC        SA
  B:00B0H.4       PUBLIC        SB
  B:00B0H.3       PUBLIC        LEDB
  B:00B0H.2       PUBLIC        LEDG
  C:0003H         PUBLIC        main
  B:00B0H.1       PUBLIC        LEDR
  -------         PROC          MAIN
  -------         DO            
  D:0008H         SYMBOL        LED
  -------         ENDDO         
  C:0003H         LINE#         10
  C:0003H         LINE#         11
  C:0008H         LINE#         12
  C:0008H         LINE#         13
  C:000AH         LINE#         14
  C:000CH         LINE#         15
  C:000FH         LINE#         16
  C:0016H         LINE#         17
  C:0019H         LINE#         18
  C:001BH         LINE#         19
  C:0023H         LINE#         20
  C:0023H         LINE#         21
  C:002BH         LINE#         22
  C:002DH         LINE#         23
  C:002FH         LINE#         24
  C:002FH         LINE#         25
  C:0039H         LINE#         26
  C:003BH         LINE#         27
  C:003DH         LINE#         28
  C:0044H         LINE#         29
  C:0044H         LINE#         30
  C:0044H         LINE#         31
  C:0047H         LINE#         32
  C:004AH         LINE#         33
  C:004FH         LINE#         34
  C:004FH         LINE#         35
  C:004FH         LINE#         36
BL51 BANKED LINKER/LOCATER V6.22.2.0                                                  05/17/2020  15:49:17  PAGE 4


  C:0055H         LINE#         37
  C:0057H         LINE#         38
  C:0059H         LINE#         39
  C:005BH         LINE#         40
  C:005BH         LINE#         41
  -------         ENDPROC       MAIN
  -------         ENDMOD        MAIN

  -------         MODULE        ?C?IMUL
  C:00C2H         PUBLIC        ?C?IMUL
  -------         ENDMOD        ?C?IMUL

*** WARNING L16: UNCALLED SEGMENT, IGNORED FOR OVERLAY PROCESS
    SEGMENT: ?PR?_DELAY_S?DELAY

*** WARNING L16: UNCALLED SEGMENT, IGNORED FOR OVERLAY PROCESS
    SEGMENT: ?PR?_DELAY_M?DELAY

Program Size: data=11.0 xdata=0 code=224
LINK/LOCATE RUN COMPLETE.  2 WARNING(S),  0 ERROR(S)
